// Jest Snapshot v1, https://goo.gl/fbAQLP

exports[`ForecastDetails renders correctly 1`] = `
<DocumentFragment>
  <div
    class="forecast-details"
  >
    <p
      class="forecast-details_date"
    >
      Thu 1st Jan
    </p>
    <p
      class="forecast-details_tempreature"
    >
      <b>
         Max Tempreature:
      </b>
      17°C
    </p>
    <p
      class="forecast-details_tempreature"
    >
      <b>
         Min Tempreature:
      </b>
      8°C
    </p>
    <p
      class="forecast-details_humidity"
    >
      <b>
        Humidity:
      </b>
      50%
    </p>
    <p
      class="forecast-details_wind"
    >
      <b>
        Wind:
      </b>
      3mph
    </p>
  </div>
</DocumentFragment>
`;
