// Jest Snapshot v1, https://goo.gl/fbAQLP

exports[`ForecastSummary renders correctly 1`] = `
<DocumentFragment>
  <div
    class="forecast-summary"
  >
    <div
      class="forecast-summary_date"
    >
      1111111
    </div>
    <div
      class="forecast-summary_icon"
      data-testid="forecast-icon"
    >
      &gt;stubIcon
    </div>
    <div
      class="forecast-summary_temperature"
    >
      14Â°C
    </div>
    <div
      class="forecast-summary_description"
    >
      Stub Description
    </div>
  </div>
</DocumentFragment>
`;
